Analysis & Synthesis report for VGAlogic
Fri Mar 27 16:11:48 2015
Quartus II 32-bit Version 13.0.0 Build 156 04/24/2013 SJ Full Version


---------------------
; Table of Contents ;
---------------------
  1. Legal Notice
  2. Analysis & Synthesis Summary
  3. Analysis & Synthesis Settings
  4. Parallel Compilation
  5. Analysis & Synthesis Source Files Read
  6. Analysis & Synthesis Resource Usage Summary
  7. Analysis & Synthesis Resource Utilization by Entity
  8. General Register Statistics
  9. Multiplexer Restructuring Statistics (Restructuring Performed)
 10. Elapsed Time Per Partition
 11. Analysis & Synthesis Messages



----------------
; Legal Notice ;
----------------
Copyright (C) 1991-2013 Altera Corporation
Your use of Altera Corporation's design tools, logic functions 
and other software and tools, and its AMPP partner logic 
functions, and any output files from any of the foregoing 
(including device programming or simulation files), and any 
associated documentation or information are expressly subject 
to the terms and conditions of the Altera Program License 
Subscription Agreement, Altera MegaCore Function License 
Agreement, or other applicable license agreement, including, 
without limitation, that your use is for the sole purpose of 
programming logic devices manufactured by Altera and sold by 
Altera or its authorized distributors.  Please refer to the 
applicable agreement for further details.



+----------------------------------------------------------------------------------+
; Analysis & Synthesis Summary                                                     ;
+------------------------------------+---------------------------------------------+
; Analysis & Synthesis Status        ; Successful - Fri Mar 27 16:11:47 2015       ;
; Quartus II 32-bit Version          ; 13.0.0 Build 156 04/24/2013 SJ Full Version ;
; Revision Name                      ; VGAlogic                                    ;
; Top-level Entity Name              ; VGAlogic                                    ;
; Family                             ; Cyclone IV E                                ;
; Total logic elements               ; 1,192                                       ;
;     Total combinational functions  ; 682                                         ;
;     Dedicated logic registers      ; 533                                         ;
; Total registers                    ; 533                                         ;
; Total pins                         ; 75                                          ;
; Total virtual pins                 ; 0                                           ;
; Total memory bits                  ; 0                                           ;
; Embedded Multiplier 9-bit elements ; 0                                           ;
; Total PLLs                         ; 0                                           ;
+------------------------------------+---------------------------------------------+


+----------------------------------------------------------------------------------------------------------------------+
; Analysis & Synthesis Settings                                                                                        ;
+----------------------------------------------------------------------------+--------------------+--------------------+
; Option                                                                     ; Setting            ; Default Value      ;
+----------------------------------------------------------------------------+--------------------+--------------------+
; Device                                                                     ; EP4CE22F17C6       ;                    ;
; Top-level entity name                                                      ; VGAlogic           ; VGAlogic           ;
; Family name                                                                ; Cyclone IV E       ; Cyclone IV GX      ;
; Use smart compilation                                                      ; Off                ; Off                ;
; Enable parallel Assembler and TimeQuest Timing Analyzer during compilation ; On                 ; On                 ;
; Enable compact report table                                                ; Off                ; Off                ;
; Restructure Multiplexers                                                   ; Auto               ; Auto               ;
; Create Debugging Nodes for IP Cores                                        ; Off                ; Off                ;
; Preserve fewer node names                                                  ; On                 ; On                 ;
; Disable OpenCore Plus hardware evaluation                                  ; Off                ; Off                ;
; Verilog Version                                                            ; Verilog_2001       ; Verilog_2001       ;
; VHDL Version                                                               ; VHDL_1993          ; VHDL_1993          ;
; State Machine Processing                                                   ; Auto               ; Auto               ;
; Safe State Machine                                                         ; Off                ; Off                ;
; Extract Verilog State Machines                                             ; On                 ; On                 ;
; Extract VHDL State Machines                                                ; On                 ; On                 ;
; Ignore Verilog initial constructs                                          ; Off                ; Off                ;
; Iteration limit for constant Verilog loops                                 ; 5000               ; 5000               ;
; Iteration limit for non-constant Verilog loops                             ; 250                ; 250                ;
; Add Pass-Through Logic to Inferred RAMs                                    ; On                 ; On                 ;
; Infer RAMs from Raw Logic                                                  ; On                 ; On                 ;
; Parallel Synthesis                                                         ; On                 ; On                 ;
; DSP Block Balancing                                                        ; Auto               ; Auto               ;
; NOT Gate Push-Back                                                         ; On                 ; On                 ;
; Power-Up Don't Care                                                        ; On                 ; On                 ;
; Remove Redundant Logic Cells                                               ; Off                ; Off                ;
; Remove Duplicate Registers                                                 ; On                 ; On                 ;
; Ignore CARRY Buffers                                                       ; Off                ; Off                ;
; Ignore CASCADE Buffers                                                     ; Off                ; Off                ;
; Ignore GLOBAL Buffers                                                      ; Off                ; Off                ;
; Ignore ROW GLOBAL Buffers                                                  ; Off                ; Off                ;
; Ignore LCELL Buffers                                                       ; Off                ; Off                ;
; Ignore SOFT Buffers                                                        ; On                 ; On                 ;
; Limit AHDL Integers to 32 Bits                                             ; Off                ; Off                ;
; Optimization Technique                                                     ; Balanced           ; Balanced           ;
; Carry Chain Length                                                         ; 70                 ; 70                 ;
; Auto Carry Chains                                                          ; On                 ; On                 ;
; Auto Open-Drain Pins                                                       ; On                 ; On                 ;
; Perform WYSIWYG Primitive Resynthesis                                      ; Off                ; Off                ;
; Auto ROM Replacement                                                       ; On                 ; On                 ;
; Auto RAM Replacement                                                       ; On                 ; On                 ;
; Auto DSP Block Replacement                                                 ; On                 ; On                 ;
; Auto Shift Register Replacement                                            ; Auto               ; Auto               ;
; Allow Shift Register Merging across Hierarchies                            ; Auto               ; Auto               ;
; Auto Clock Enable Replacement                                              ; On                 ; On                 ;
; Strict RAM Replacement                                                     ; Off                ; Off                ;
; Allow Synchronous Control Signals                                          ; On                 ; On                 ;
; Force Use of Synchronous Clear Signals                                     ; Off                ; Off                ;
; Auto RAM Block Balancing                                                   ; On                 ; On                 ;
; Auto RAM to Logic Cell Conversion                                          ; Off                ; Off                ;
; Auto Resource Sharing                                                      ; Off                ; Off                ;
; Allow Any RAM Size For Recognition                                         ; Off                ; Off                ;
; Allow Any ROM Size For Recognition                                         ; Off                ; Off                ;
; Allow Any Shift Register Size For Recognition                              ; Off                ; Off                ;
; Use LogicLock Constraints during Resource Balancing                        ; On                 ; On                 ;
; Ignore translate_off and synthesis_off directives                          ; Off                ; Off                ;
; Timing-Driven Synthesis                                                    ; On                 ; On                 ;
; Report Parameter Settings                                                  ; On                 ; On                 ;
; Report Source Assignments                                                  ; On                 ; On                 ;
; Report Connectivity Checks                                                 ; On                 ; On                 ;
; Ignore Maximum Fan-Out Assignments                                         ; Off                ; Off                ;
; Synchronization Register Chain Length                                      ; 2                  ; 2                  ;
; PowerPlay Power Optimization                                               ; Normal compilation ; Normal compilation ;
; HDL message level                                                          ; Level2             ; Level2             ;
; Suppress Register Optimization Related Messages                            ; Off                ; Off                ;
; Number of Removed Registers Reported in Synthesis Report                   ; 5000               ; 5000               ;
; Number of Swept Nodes Reported in Synthesis Report                         ; 5000               ; 5000               ;
; Number of Inverted Registers Reported in Synthesis Report                  ; 100                ; 100                ;
; Clock MUX Protection                                                       ; On                 ; On                 ;
; Auto Gated Clock Conversion                                                ; Off                ; Off                ;
; Block Design Naming                                                        ; Auto               ; Auto               ;
; SDC constraint protection                                                  ; Off                ; Off                ;
; Synthesis Effort                                                           ; Auto               ; Auto               ;
; Shift Register Replacement - Allow Asynchronous Clear Signal               ; On                 ; On                 ;
; Pre-Mapping Resynthesis Optimization                                       ; Off                ; Off                ;
; Analysis & Synthesis Message Level                                         ; Medium             ; Medium             ;
; Disable Register Merging Across Hierarchies                                ; Auto               ; Auto               ;
; Resource Aware Inference For Block RAM                                     ; On                 ; On                 ;
; Synthesis Seed                                                             ; 1                  ; 1                  ;
+----------------------------------------------------------------------------+--------------------+--------------------+


+------------------------------------------+
; Parallel Compilation                     ;
+----------------------------+-------------+
; Processors                 ; Number      ;
+----------------------------+-------------+
; Number detected on machine ; 2           ;
; Maximum allowed            ; 2           ;
;                            ;             ;
; Average used               ; 1.00        ;
; Maximum used               ; 1           ;
;                            ;             ;
; Usage by Processor         ; % Time Used ;
;     Processor 1            ; 100.0%      ;
;     Processor 2            ;   0.0%      ;
+----------------------------+-------------+


+-------------------------------------------------------------------------------------------------------------------------------------------------+
; Analysis & Synthesis Source Files Read                                                                                                          ;
+----------------------------------+-----------------+------------------------------+---------------------------------------------------+---------+
; File Name with User-Entered Path ; Used in Netlist ; File Type                    ; File Name with Absolute Path                      ; Library ;
+----------------------------------+-----------------+------------------------------+---------------------------------------------------+---------+
; VGAlogic.v                       ; yes             ; User Verilog HDL File        ; C:/Users/Lab_User/Desktop/3400/fpga/VGAlogic.v    ;         ;
; VGADriver.v                      ; yes             ; User Verilog HDL File        ; C:/Users/Lab_User/Desktop/3400/fpga/VGADriver.v   ;         ;
; blockArray.v                     ; yes             ; User Verilog HDL File        ; C:/Users/Lab_User/Desktop/3400/fpga/blockArray.v  ;         ;
; blockFormat.v                    ; yes             ; User Verilog HDL File        ; C:/Users/Lab_User/Desktop/3400/fpga/blockFormat.v ;         ;
; datainput.v                      ; yes             ; Auto-Found Verilog HDL File  ; C:/Users/Lab_User/Desktop/3400/fpga/datainput.v   ;         ;
+----------------------------------+-----------------+------------------------------+---------------------------------------------------+---------+


+--------------------------------------------------------------+
; Analysis & Synthesis Resource Usage Summary                  ;
+---------------------------------------------+----------------+
; Resource                                    ; Usage          ;
+---------------------------------------------+----------------+
; Estimated Total logic elements              ; 1,192          ;
;                                             ;                ;
; Total combinational functions               ; 682            ;
; Logic element usage by number of LUT inputs ;                ;
;     -- 4 input functions                    ; 641            ;
;     -- 3 input functions                    ; 6              ;
;     -- <=2 input functions                  ; 35             ;
;                                             ;                ;
; Logic elements by mode                      ;                ;
;     -- normal mode                          ; 664            ;
;     -- arithmetic mode                      ; 18             ;
;                                             ;                ;
; Total registers                             ; 533            ;
;     -- Dedicated logic registers            ; 533            ;
;     -- I/O registers                        ; 0              ;
;                                             ;                ;
; I/O pins                                    ; 75             ;
; Embedded Multiplier 9-bit elements          ; 0              ;
; Maximum fan-out node                        ; CLOCK_50~input ;
; Maximum fan-out                             ; 513            ;
; Total fan-out                               ; 4390           ;
; Average fan-out                             ; 3.06           ;
+---------------------------------------------+----------------+


+-----------------------------------------------------------------------------------------------------------------------------------------------------------------------------------------+
; Analysis & Synthesis Resource Utilization by Entity                                                                                                                                     ;
+----------------------------+-------------------+--------------+-------------+--------------+---------+-----------+------+--------------+---------------------------------+--------------+
; Compilation Hierarchy Node ; LC Combinationals ; LC Registers ; Memory Bits ; DSP Elements ; DSP 9x9 ; DSP 18x18 ; Pins ; Virtual Pins ; Full Hierarchy Name             ; Library Name ;
+----------------------------+-------------------+--------------+-------------+--------------+---------+-----------+------+--------------+---------------------------------+--------------+
; |VGAlogic                  ; 682 (1)           ; 533 (1)      ; 0           ; 0            ; 0       ; 0         ; 75   ; 0            ; |VGAlogic                       ;              ;
;    |VGADriver:driver|      ; 51 (51)           ; 20 (20)      ; 0           ; 0            ; 0       ; 0         ; 0    ; 0            ; |VGAlogic|VGADriver:driver      ;              ;
;    |blockArray:pixelArray| ; 630 (630)         ; 512 (512)    ; 0           ; 0            ; 0       ; 0         ; 0    ; 0            ; |VGAlogic|blockArray:pixelArray ;              ;
+----------------------------+-------------------+--------------+-------------+--------------+---------+-----------+------+--------------+---------------------------------+--------------+
Note: For table entries with two numbers listed, the numbers in parentheses indicate the number of resources of the given type used by the specific entity alone. The numbers listed outside of parentheses indicate the total resources of the given type used by the specific entity and all of its sub-entities in the hierarchy.


+------------------------------------------------------+
; General Register Statistics                          ;
+----------------------------------------------+-------+
; Statistic                                    ; Value ;
+----------------------------------------------+-------+
; Total registers                              ; 533   ;
; Number of registers using Synchronous Clear  ; 0     ;
; Number of registers using Synchronous Load   ; 0     ;
; Number of registers using Asynchronous Clear ; 0     ;
; Number of registers using Asynchronous Load  ; 0     ;
; Number of registers using Clock Enable       ; 522   ;
; Number of registers using Preset             ; 0     ;
+----------------------------------------------+-------+


+-------------------------------------------------------------------------------------------------------------------------------------------------------------+
; Multiplexer Restructuring Statistics (Restructuring Performed)                                                                                              ;
+--------------------+-----------+---------------+----------------------+------------------------+------------+-----------------------------------------------+
; Multiplexer Inputs ; Bus Width ; Baseline Area ; Area if Restructured ; Saving if Restructured ; Registered ; Example Multiplexer Output                    ;
+--------------------+-----------+---------------+----------------------+------------------------+------------+-----------------------------------------------+
; 4:1                ; 2 bits    ; 4 LEs         ; 2 LEs                ; 2 LEs                  ; Yes        ; |VGAlogic|blockArray:pixelArray|array[254][1] ;
; 4:1                ; 2 bits    ; 4 LEs         ; 2 LEs                ; 2 LEs                  ; Yes        ; |VGAlogic|blockArray:pixelArray|array[253][0] ;
; 4:1                ; 2 bits    ; 4 LEs         ; 2 LEs                ; 2 LEs                  ; Yes        ; |VGAlogic|blockArray:pixelArray|array[252][0] ;
; 4:1                ; 2 bits    ; 4 LEs         ; 2 LEs                ; 2 LEs                  ; Yes        ; |VGAlogic|blockArray:pixelArray|array[251][0] ;
; 4:1                ; 2 bits    ; 4 LEs         ; 2 LEs                ; 2 LEs                  ; Yes        ; |VGAlogic|blockArray:pixelArray|array[250][0] ;
; 4:1                ; 2 bits    ; 4 LEs         ; 2 LEs                ; 2 LEs                  ; Yes        ; |VGAlogic|blockArray:pixelArray|array[249][0] ;
; 4:1                ; 2 bits    ; 4 LEs         ; 2 LEs                ; 2 LEs                  ; Yes        ; |VGAlogic|blockArray:pixelArray|array[248][0] ;
; 4:1                ; 2 bits    ; 4 LEs         ; 2 LEs                ; 2 LEs                  ; Yes        ; |VGAlogic|blockArray:pixelArray|array[247][0] ;
; 4:1                ; 2 bits    ; 4 LEs         ; 2 LEs                ; 2 LEs                  ; Yes        ; |VGAlogic|blockArray:pixelArray|array[246][0] ;
; 4:1                ; 2 bits    ; 4 LEs         ; 2 LEs                ; 2 LEs                  ; Yes        ; |VGAlogic|blockArray:pixelArray|array[245][1] ;
; 4:1                ; 2 bits    ; 4 LEs         ; 2 LEs                ; 2 LEs                  ; Yes        ; |VGAlogic|blockArray:pixelArray|array[244][1] ;
; 4:1                ; 2 bits    ; 4 LEs         ; 2 LEs                ; 2 LEs                  ; Yes        ; |VGAlogic|blockArray:pixelArray|array[243][1] ;
; 4:1                ; 2 bits    ; 4 LEs         ; 2 LEs                ; 2 LEs                  ; Yes        ; |VGAlogic|blockArray:pixelArray|array[242][0] ;
; 4:1                ; 2 bits    ; 4 LEs         ; 2 LEs                ; 2 LEs                  ; Yes        ; |VGAlogic|blockArray:pixelArray|array[241][1] ;
; 4:1                ; 2 bits    ; 4 LEs         ; 2 LEs                ; 2 LEs                  ; Yes        ; |VGAlogic|blockArray:pixelArray|array[240][1] ;
; 4:1                ; 2 bits    ; 4 LEs         ; 2 LEs                ; 2 LEs                  ; Yes        ; |VGAlogic|blockArray:pixelArray|array[239][1] ;
; 4:1                ; 2 bits    ; 4 LEs         ; 2 LEs                ; 2 LEs                  ; Yes        ; |VGAlogic|blockArray:pixelArray|array[238][1] ;
; 4:1                ; 2 bits    ; 4 LEs         ; 2 LEs                ; 2 LEs                  ; Yes        ; |VGAlogic|blockArray:pixelArray|array[237][1] ;
; 4:1                ; 2 bits    ; 4 LEs         ; 2 LEs                ; 2 LEs                  ; Yes        ; |VGAlogic|blockArray:pixelArray|array[236][0] ;
; 4:1                ; 2 bits    ; 4 LEs         ; 2 LEs                ; 2 LEs                  ; Yes        ; |VGAlogic|blockArray:pixelArray|array[235][1] ;
; 4:1                ; 2 bits    ; 4 LEs         ; 2 LEs                ; 2 LEs                  ; Yes        ; |VGAlogic|blockArray:pixelArray|array[234][0] ;
; 4:1                ; 2 bits    ; 4 LEs         ; 2 LEs                ; 2 LEs                  ; Yes        ; |VGAlogic|blockArray:pixelArray|array[233][0] ;
; 4:1                ; 2 bits    ; 4 LEs         ; 2 LEs                ; 2 LEs                  ; Yes        ; |VGAlogic|blockArray:pixelArray|array[232][1] ;
; 4:1                ; 2 bits    ; 4 LEs         ; 2 LEs                ; 2 LEs                  ; Yes        ; |VGAlogic|blockArray:pixelArray|array[231][1] ;
; 4:1                ; 2 bits    ; 4 LEs         ; 2 LEs                ; 2 LEs                  ; Yes        ; |VGAlogic|blockArray:pixelArray|array[230][0] ;
; 4:1                ; 2 bits    ; 4 LEs         ; 2 LEs                ; 2 LEs                  ; Yes        ; |VGAlogic|blockArray:pixelArray|array[229][1] ;
; 4:1                ; 2 bits    ; 4 LEs         ; 2 LEs                ; 2 LEs                  ; Yes        ; |VGAlogic|blockArray:pixelArray|array[228][1] ;
; 4:1                ; 2 bits    ; 4 LEs         ; 2 LEs                ; 2 LEs                  ; Yes        ; |VGAlogic|blockArray:pixelArray|array[227][1] ;
; 4:1                ; 2 bits    ; 4 LEs         ; 2 LEs                ; 2 LEs                  ; Yes        ; |VGAlogic|blockArray:pixelArray|array[226][1] ;
; 4:1                ; 2 bits    ; 4 LEs         ; 2 LEs                ; 2 LEs                  ; Yes        ; |VGAlogic|blockArray:pixelArray|array[225][0] ;
; 4:1                ; 2 bits    ; 4 LEs         ; 2 LEs                ; 2 LEs                  ; Yes        ; |VGAlogic|blockArray:pixelArray|array[224][0] ;
; 4:1                ; 2 bits    ; 4 LEs         ; 2 LEs                ; 2 LEs                  ; Yes        ; |VGAlogic|blockArray:pixelArray|array[223][1] ;
; 4:1                ; 2 bits    ; 4 LEs         ; 2 LEs                ; 2 LEs                  ; Yes        ; |VGAlogic|blockArray:pixelArray|array[222][1] ;
; 4:1                ; 2 bits    ; 4 LEs         ; 2 LEs                ; 2 LEs                  ; Yes        ; |VGAlogic|blockArray:pixelArray|array[221][1] ;
; 4:1                ; 2 bits    ; 4 LEs         ; 2 LEs                ; 2 LEs                  ; Yes        ; |VGAlogic|blockArray:pixelArray|array[220][0] ;
; 4:1                ; 2 bits    ; 4 LEs         ; 2 LEs                ; 2 LEs                  ; Yes        ; |VGAlogic|blockArray:pixelArray|array[219][1] ;
; 4:1                ; 2 bits    ; 4 LEs         ; 2 LEs                ; 2 LEs                  ; Yes        ; |VGAlogic|blockArray:pixelArray|array[218][1] ;
; 4:1                ; 2 bits    ; 4 LEs         ; 2 LEs                ; 2 LEs                  ; Yes        ; |VGAlogic|blockArray:pixelArray|array[217][0] ;
; 4:1                ; 2 bits    ; 4 LEs         ; 2 LEs                ; 2 LEs                  ; Yes        ; |VGAlogic|blockArray:pixelArray|array[216][0] ;
; 4:1                ; 2 bits    ; 4 LEs         ; 2 LEs                ; 2 LEs                  ; Yes        ; |VGAlogic|blockArray:pixelArray|array[215][0] ;
; 4:1                ; 2 bits    ; 4 LEs         ; 2 LEs                ; 2 LEs                  ; Yes        ; |VGAlogic|blockArray:pixelArray|array[214][0] ;
; 4:1                ; 2 bits    ; 4 LEs         ; 2 LEs                ; 2 LEs                  ; Yes        ; |VGAlogic|blockArray:pixelArray|array[213][1] ;
; 4:1                ; 2 bits    ; 4 LEs         ; 2 LEs                ; 2 LEs                  ; Yes        ; |VGAlogic|blockArray:pixelArray|array[212][1] ;
; 4:1                ; 2 bits    ; 4 LEs         ; 2 LEs                ; 2 LEs                  ; Yes        ; |VGAlogic|blockArray:pixelArray|array[211][1] ;
; 4:1                ; 2 bits    ; 4 LEs         ; 2 LEs                ; 2 LEs                  ; Yes        ; |VGAlogic|blockArray:pixelArray|array[210][0] ;
; 4:1                ; 2 bits    ; 4 LEs         ; 2 LEs                ; 2 LEs                  ; Yes        ; |VGAlogic|blockArray:pixelArray|array[209][0] ;
; 4:1                ; 2 bits    ; 4 LEs         ; 2 LEs                ; 2 LEs                  ; Yes        ; |VGAlogic|blockArray:pixelArray|array[208][0] ;
; 4:1                ; 2 bits    ; 4 LEs         ; 2 LEs                ; 2 LEs                  ; Yes        ; |VGAlogic|blockArray:pixelArray|array[207][0] ;
; 4:1                ; 2 bits    ; 4 LEs         ; 2 LEs                ; 2 LEs                  ; Yes        ; |VGAlogic|blockArray:pixelArray|array[206][0] ;
; 4:1                ; 2 bits    ; 4 LEs         ; 2 LEs                ; 2 LEs                  ; Yes        ; |VGAlogic|blockArray:pixelArray|array[205][1] ;
; 4:1                ; 2 bits    ; 4 LEs         ; 2 LEs                ; 2 LEs                  ; Yes        ; |VGAlogic|blockArray:pixelArray|array[204][1] ;
; 4:1                ; 2 bits    ; 4 LEs         ; 2 LEs                ; 2 LEs                  ; Yes        ; |VGAlogic|blockArray:pixelArray|array[203][0] ;
; 4:1                ; 2 bits    ; 4 LEs         ; 2 LEs                ; 2 LEs                  ; Yes        ; |VGAlogic|blockArray:pixelArray|array[202][1] ;
; 4:1                ; 2 bits    ; 4 LEs         ; 2 LEs                ; 2 LEs                  ; Yes        ; |VGAlogic|blockArray:pixelArray|array[201][1] ;
; 4:1                ; 2 bits    ; 4 LEs         ; 2 LEs                ; 2 LEs                  ; Yes        ; |VGAlogic|blockArray:pixelArray|array[200][1] ;
; 4:1                ; 2 bits    ; 4 LEs         ; 2 LEs                ; 2 LEs                  ; Yes        ; |VGAlogic|blockArray:pixelArray|array[199][0] ;
; 4:1                ; 2 bits    ; 4 LEs         ; 2 LEs                ; 2 LEs                  ; Yes        ; |VGAlogic|blockArray:pixelArray|array[198][1] ;
; 4:1                ; 2 bits    ; 4 LEs         ; 2 LEs                ; 2 LEs                  ; Yes        ; |VGAlogic|blockArray:pixelArray|array[197][0] ;
; 4:1                ; 2 bits    ; 4 LEs         ; 2 LEs                ; 2 LEs                  ; Yes        ; |VGAlogic|blockArray:pixelArray|array[196][0] ;
; 4:1                ; 2 bits    ; 4 LEs         ; 2 LEs                ; 2 LEs                  ; Yes        ; |VGAlogic|blockArray:pixelArray|array[195][0] ;
; 4:1                ; 2 bits    ; 4 LEs         ; 2 LEs                ; 2 LEs                  ; Yes        ; |VGAlogic|blockArray:pixelArray|array[194][0] ;
; 4:1                ; 2 bits    ; 4 LEs         ; 2 LEs                ; 2 LEs                  ; Yes        ; |VGAlogic|blockArray:pixelArray|array[193][1] ;
; 4:1                ; 2 bits    ; 4 LEs         ; 2 LEs                ; 2 LEs                  ; Yes        ; |VGAlogic|blockArray:pixelArray|array[192][1] ;
; 4:1                ; 2 bits    ; 4 LEs         ; 2 LEs                ; 2 LEs                  ; Yes        ; |VGAlogic|blockArray:pixelArray|array[191][0] ;
; 4:1                ; 2 bits    ; 4 LEs         ; 2 LEs                ; 2 LEs                  ; Yes        ; |VGAlogic|blockArray:pixelArray|array[190][0] ;
; 4:1                ; 2 bits    ; 4 LEs         ; 2 LEs                ; 2 LEs                  ; Yes        ; |VGAlogic|blockArray:pixelArray|array[189][0] ;
; 4:1                ; 2 bits    ; 4 LEs         ; 2 LEs                ; 2 LEs                  ; Yes        ; |VGAlogic|blockArray:pixelArray|array[188][0] ;
; 4:1                ; 2 bits    ; 4 LEs         ; 2 LEs                ; 2 LEs                  ; Yes        ; |VGAlogic|blockArray:pixelArray|array[187][0] ;
; 4:1                ; 2 bits    ; 4 LEs         ; 2 LEs                ; 2 LEs                  ; Yes        ; |VGAlogic|blockArray:pixelArray|array[186][0] ;
; 4:1                ; 2 bits    ; 4 LEs         ; 2 LEs                ; 2 LEs                  ; Yes        ; |VGAlogic|blockArray:pixelArray|array[185][0] ;
; 4:1                ; 2 bits    ; 4 LEs         ; 2 LEs                ; 2 LEs                  ; Yes        ; |VGAlogic|blockArray:pixelArray|array[184][0] ;
; 4:1                ; 2 bits    ; 4 LEs         ; 2 LEs                ; 2 LEs                  ; Yes        ; |VGAlogic|blockArray:pixelArray|array[183][0] ;
; 4:1                ; 2 bits    ; 4 LEs         ; 2 LEs                ; 2 LEs                  ; Yes        ; |VGAlogic|blockArray:pixelArray|array[182][0] ;
; 4:1                ; 2 bits    ; 4 LEs         ; 2 LEs                ; 2 LEs                  ; Yes        ; |VGAlogic|blockArray:pixelArray|array[181][0] ;
; 4:1                ; 2 bits    ; 4 LEs         ; 2 LEs                ; 2 LEs                  ; Yes        ; |VGAlogic|blockArray:pixelArray|array[180][1] ;
; 4:1                ; 2 bits    ; 4 LEs         ; 2 LEs                ; 2 LEs                  ; Yes        ; |VGAlogic|blockArray:pixelArray|array[179][1] ;
; 4:1                ; 2 bits    ; 4 LEs         ; 2 LEs                ; 2 LEs                  ; Yes        ; |VGAlogic|blockArray:pixelArray|array[178][1] ;
; 4:1                ; 2 bits    ; 4 LEs         ; 2 LEs                ; 2 LEs                  ; Yes        ; |VGAlogic|blockArray:pixelArray|array[177][1] ;
; 4:1                ; 2 bits    ; 4 LEs         ; 2 LEs                ; 2 LEs                  ; Yes        ; |VGAlogic|blockArray:pixelArray|array[176][1] ;
; 4:1                ; 2 bits    ; 4 LEs         ; 2 LEs                ; 2 LEs                  ; Yes        ; |VGAlogic|blockArray:pixelArray|array[175][1] ;
; 4:1                ; 2 bits    ; 4 LEs         ; 2 LEs                ; 2 LEs                  ; Yes        ; |VGAlogic|blockArray:pixelArray|array[174][1] ;
; 4:1                ; 2 bits    ; 4 LEs         ; 2 LEs                ; 2 LEs                  ; Yes        ; |VGAlogic|blockArray:pixelArray|array[173][0] ;
; 4:1                ; 2 bits    ; 4 LEs         ; 2 LEs                ; 2 LEs                  ; Yes        ; |VGAlogic|blockArray:pixelArray|array[172][0] ;
; 4:1                ; 2 bits    ; 4 LEs         ; 2 LEs                ; 2 LEs                  ; Yes        ; |VGAlogic|blockArray:pixelArray|array[171][1] ;
; 4:1                ; 2 bits    ; 4 LEs         ; 2 LEs                ; 2 LEs                  ; Yes        ; |VGAlogic|blockArray:pixelArray|array[170][1] ;
; 4:1                ; 2 bits    ; 4 LEs         ; 2 LEs                ; 2 LEs                  ; Yes        ; |VGAlogic|blockArray:pixelArray|array[169][1] ;
; 4:1                ; 2 bits    ; 4 LEs         ; 2 LEs                ; 2 LEs                  ; Yes        ; |VGAlogic|blockArray:pixelArray|array[168][1] ;
; 4:1                ; 2 bits    ; 4 LEs         ; 2 LEs                ; 2 LEs                  ; Yes        ; |VGAlogic|blockArray:pixelArray|array[167][1] ;
; 4:1                ; 2 bits    ; 4 LEs         ; 2 LEs                ; 2 LEs                  ; Yes        ; |VGAlogic|blockArray:pixelArray|array[166][1] ;
; 4:1                ; 2 bits    ; 4 LEs         ; 2 LEs                ; 2 LEs                  ; Yes        ; |VGAlogic|blockArray:pixelArray|array[165][1] ;
; 4:1                ; 2 bits    ; 4 LEs         ; 2 LEs                ; 2 LEs                  ; Yes        ; |VGAlogic|blockArray:pixelArray|array[164][0] ;
; 4:1                ; 2 bits    ; 4 LEs         ; 2 LEs                ; 2 LEs                  ; Yes        ; |VGAlogic|blockArray:pixelArray|array[163][1] ;
; 4:1                ; 2 bits    ; 4 LEs         ; 2 LEs                ; 2 LEs                  ; Yes        ; |VGAlogic|blockArray:pixelArray|array[162][1] ;
; 4:1                ; 2 bits    ; 4 LEs         ; 2 LEs                ; 2 LEs                  ; Yes        ; |VGAlogic|blockArray:pixelArray|array[161][1] ;
; 4:1                ; 2 bits    ; 4 LEs         ; 2 LEs                ; 2 LEs                  ; Yes        ; |VGAlogic|blockArray:pixelArray|array[160][0] ;
; 4:1                ; 2 bits    ; 4 LEs         ; 2 LEs                ; 2 LEs                  ; Yes        ; |VGAlogic|blockArray:pixelArray|array[159][0] ;
; 4:1                ; 2 bits    ; 4 LEs         ; 2 LEs                ; 2 LEs                  ; Yes        ; |VGAlogic|blockArray:pixelArray|array[158][1] ;
; 4:1                ; 2 bits    ; 4 LEs         ; 2 LEs                ; 2 LEs                  ; Yes        ; |VGAlogic|blockArray:pixelArray|array[157][1] ;
; 4:1                ; 2 bits    ; 4 LEs         ; 2 LEs                ; 2 LEs                  ; Yes        ; |VGAlogic|blockArray:pixelArray|array[156][1] ;
; 4:1                ; 2 bits    ; 4 LEs         ; 2 LEs                ; 2 LEs                  ; Yes        ; |VGAlogic|blockArray:pixelArray|array[155][1] ;
; 4:1                ; 2 bits    ; 4 LEs         ; 2 LEs                ; 2 LEs                  ; Yes        ; |VGAlogic|blockArray:pixelArray|array[154][1] ;
; 4:1                ; 2 bits    ; 4 LEs         ; 2 LEs                ; 2 LEs                  ; Yes        ; |VGAlogic|blockArray:pixelArray|array[153][1] ;
; 4:1                ; 2 bits    ; 4 LEs         ; 2 LEs                ; 2 LEs                  ; Yes        ; |VGAlogic|blockArray:pixelArray|array[152][1] ;
; 4:1                ; 2 bits    ; 4 LEs         ; 2 LEs                ; 2 LEs                  ; Yes        ; |VGAlogic|blockArray:pixelArray|array[151][1] ;
; 4:1                ; 2 bits    ; 4 LEs         ; 2 LEs                ; 2 LEs                  ; Yes        ; |VGAlogic|blockArray:pixelArray|array[150][1] ;
; 4:1                ; 2 bits    ; 4 LEs         ; 2 LEs                ; 2 LEs                  ; Yes        ; |VGAlogic|blockArray:pixelArray|array[149][1] ;
; 4:1                ; 2 bits    ; 4 LEs         ; 2 LEs                ; 2 LEs                  ; Yes        ; |VGAlogic|blockArray:pixelArray|array[148][1] ;
; 4:1                ; 2 bits    ; 4 LEs         ; 2 LEs                ; 2 LEs                  ; Yes        ; |VGAlogic|blockArray:pixelArray|array[147][1] ;
; 4:1                ; 2 bits    ; 4 LEs         ; 2 LEs                ; 2 LEs                  ; Yes        ; |VGAlogic|blockArray:pixelArray|array[146][1] ;
; 4:1                ; 2 bits    ; 4 LEs         ; 2 LEs                ; 2 LEs                  ; Yes        ; |VGAlogic|blockArray:pixelArray|array[145][1] ;
; 4:1                ; 2 bits    ; 4 LEs         ; 2 LEs                ; 2 LEs                  ; Yes        ; |VGAlogic|blockArray:pixelArray|array[144][1] ;
; 4:1                ; 2 bits    ; 4 LEs         ; 2 LEs                ; 2 LEs                  ; Yes        ; |VGAlogic|blockArray:pixelArray|array[143][0] ;
; 4:1                ; 2 bits    ; 4 LEs         ; 2 LEs                ; 2 LEs                  ; Yes        ; |VGAlogic|blockArray:pixelArray|array[142][1] ;
; 4:1                ; 2 bits    ; 4 LEs         ; 2 LEs                ; 2 LEs                  ; Yes        ; |VGAlogic|blockArray:pixelArray|array[141][1] ;
; 4:1                ; 2 bits    ; 4 LEs         ; 2 LEs                ; 2 LEs                  ; Yes        ; |VGAlogic|blockArray:pixelArray|array[140][1] ;
; 4:1                ; 2 bits    ; 4 LEs         ; 2 LEs                ; 2 LEs                  ; Yes        ; |VGAlogic|blockArray:pixelArray|array[139][1] ;
; 4:1                ; 2 bits    ; 4 LEs         ; 2 LEs                ; 2 LEs                  ; Yes        ; |VGAlogic|blockArray:pixelArray|array[138][0] ;
; 4:1                ; 2 bits    ; 4 LEs         ; 2 LEs                ; 2 LEs                  ; Yes        ; |VGAlogic|blockArray:pixelArray|array[137][1] ;
; 4:1                ; 2 bits    ; 4 LEs         ; 2 LEs                ; 2 LEs                  ; Yes        ; |VGAlogic|blockArray:pixelArray|array[136][1] ;
; 4:1                ; 2 bits    ; 4 LEs         ; 2 LEs                ; 2 LEs                  ; Yes        ; |VGAlogic|blockArray:pixelArray|array[135][0] ;
; 4:1                ; 2 bits    ; 4 LEs         ; 2 LEs                ; 2 LEs                  ; Yes        ; |VGAlogic|blockArray:pixelArray|array[134][0] ;
; 4:1                ; 2 bits    ; 4 LEs         ; 2 LEs                ; 2 LEs                  ; Yes        ; |VGAlogic|blockArray:pixelArray|array[133][0] ;
; 4:1                ; 2 bits    ; 4 LEs         ; 2 LEs                ; 2 LEs                  ; Yes        ; |VGAlogic|blockArray:pixelArray|array[132][0] ;
; 4:1                ; 2 bits    ; 4 LEs         ; 2 LEs                ; 2 LEs                  ; Yes        ; |VGAlogic|blockArray:pixelArray|array[131][0] ;
; 4:1                ; 2 bits    ; 4 LEs         ; 2 LEs                ; 2 LEs                  ; Yes        ; |VGAlogic|blockArray:pixelArray|array[130][0] ;
; 4:1                ; 2 bits    ; 4 LEs         ; 2 LEs                ; 2 LEs                  ; Yes        ; |VGAlogic|blockArray:pixelArray|array[129][0] ;
; 4:1                ; 2 bits    ; 4 LEs         ; 2 LEs                ; 2 LEs                  ; Yes        ; |VGAlogic|blockArray:pixelArray|array[128][0] ;
; 4:1                ; 2 bits    ; 4 LEs         ; 2 LEs                ; 2 LEs                  ; Yes        ; |VGAlogic|blockArray:pixelArray|array[127][0] ;
; 4:1                ; 2 bits    ; 4 LEs         ; 2 LEs                ; 2 LEs                  ; Yes        ; |VGAlogic|blockArray:pixelArray|array[126][1] ;
; 4:1                ; 2 bits    ; 4 LEs         ; 2 LEs                ; 2 LEs                  ; Yes        ; |VGAlogic|blockArray:pixelArray|array[125][0] ;
; 4:1                ; 2 bits    ; 4 LEs         ; 2 LEs                ; 2 LEs                  ; Yes        ; |VGAlogic|blockArray:pixelArray|array[124][0] ;
; 4:1                ; 2 bits    ; 4 LEs         ; 2 LEs                ; 2 LEs                  ; Yes        ; |VGAlogic|blockArray:pixelArray|array[123][0] ;
; 4:1                ; 2 bits    ; 4 LEs         ; 2 LEs                ; 2 LEs                  ; Yes        ; |VGAlogic|blockArray:pixelArray|array[122][0] ;
; 4:1                ; 2 bits    ; 4 LEs         ; 2 LEs                ; 2 LEs                  ; Yes        ; |VGAlogic|blockArray:pixelArray|array[121][1] ;
; 4:1                ; 2 bits    ; 4 LEs         ; 2 LEs                ; 2 LEs                  ; Yes        ; |VGAlogic|blockArray:pixelArray|array[120][1] ;
; 4:1                ; 2 bits    ; 4 LEs         ; 2 LEs                ; 2 LEs                  ; Yes        ; |VGAlogic|blockArray:pixelArray|array[119][0] ;
; 4:1                ; 2 bits    ; 4 LEs         ; 2 LEs                ; 2 LEs                  ; Yes        ; |VGAlogic|blockArray:pixelArray|array[118][0] ;
; 4:1                ; 2 bits    ; 4 LEs         ; 2 LEs                ; 2 LEs                  ; Yes        ; |VGAlogic|blockArray:pixelArray|array[117][1] ;
; 4:1                ; 2 bits    ; 4 LEs         ; 2 LEs                ; 2 LEs                  ; Yes        ; |VGAlogic|blockArray:pixelArray|array[116][1] ;
; 4:1                ; 2 bits    ; 4 LEs         ; 2 LEs                ; 2 LEs                  ; Yes        ; |VGAlogic|blockArray:pixelArray|array[115][1] ;
; 4:1                ; 2 bits    ; 4 LEs         ; 2 LEs                ; 2 LEs                  ; Yes        ; |VGAlogic|blockArray:pixelArray|array[114][1] ;
; 4:1                ; 2 bits    ; 4 LEs         ; 2 LEs                ; 2 LEs                  ; Yes        ; |VGAlogic|blockArray:pixelArray|array[113][1] ;
; 4:1                ; 2 bits    ; 4 LEs         ; 2 LEs                ; 2 LEs                  ; Yes        ; |VGAlogic|blockArray:pixelArray|array[112][1] ;
; 4:1                ; 2 bits    ; 4 LEs         ; 2 LEs                ; 2 LEs                  ; Yes        ; |VGAlogic|blockArray:pixelArray|array[111][1] ;
; 4:1                ; 2 bits    ; 4 LEs         ; 2 LEs                ; 2 LEs                  ; Yes        ; |VGAlogic|blockArray:pixelArray|array[110][1] ;
; 4:1                ; 2 bits    ; 4 LEs         ; 2 LEs                ; 2 LEs                  ; Yes        ; |VGAlogic|blockArray:pixelArray|array[109][1] ;
; 4:1                ; 2 bits    ; 4 LEs         ; 2 LEs                ; 2 LEs                  ; Yes        ; |VGAlogic|blockArray:pixelArray|array[108][1] ;
; 4:1                ; 2 bits    ; 4 LEs         ; 2 LEs                ; 2 LEs                  ; Yes        ; |VGAlogic|blockArray:pixelArray|array[107][1] ;
; 4:1                ; 2 bits    ; 4 LEs         ; 2 LEs                ; 2 LEs                  ; Yes        ; |VGAlogic|blockArray:pixelArray|array[106][1] ;
; 4:1                ; 2 bits    ; 4 LEs         ; 2 LEs                ; 2 LEs                  ; Yes        ; |VGAlogic|blockArray:pixelArray|array[105][1] ;
; 4:1                ; 2 bits    ; 4 LEs         ; 2 LEs                ; 2 LEs                  ; Yes        ; |VGAlogic|blockArray:pixelArray|array[104][1] ;
; 4:1                ; 2 bits    ; 4 LEs         ; 2 LEs                ; 2 LEs                  ; Yes        ; |VGAlogic|blockArray:pixelArray|array[103][0] ;
; 4:1                ; 2 bits    ; 4 LEs         ; 2 LEs                ; 2 LEs                  ; Yes        ; |VGAlogic|blockArray:pixelArray|array[102][1] ;
; 4:1                ; 2 bits    ; 4 LEs         ; 2 LEs                ; 2 LEs                  ; Yes        ; |VGAlogic|blockArray:pixelArray|array[101][1] ;
; 4:1                ; 2 bits    ; 4 LEs         ; 2 LEs                ; 2 LEs                  ; Yes        ; |VGAlogic|blockArray:pixelArray|array[100][1] ;
; 4:1                ; 2 bits    ; 4 LEs         ; 2 LEs                ; 2 LEs                  ; Yes        ; |VGAlogic|blockArray:pixelArray|array[99][1]  ;
; 4:1                ; 2 bits    ; 4 LEs         ; 2 LEs                ; 2 LEs                  ; Yes        ; |VGAlogic|blockArray:pixelArray|array[98][1]  ;
; 4:1                ; 2 bits    ; 4 LEs         ; 2 LEs                ; 2 LEs                  ; Yes        ; |VGAlogic|blockArray:pixelArray|array[97][1]  ;
; 4:1                ; 2 bits    ; 4 LEs         ; 2 LEs                ; 2 LEs                  ; Yes        ; |VGAlogic|blockArray:pixelArray|array[96][0]  ;
; 4:1                ; 2 bits    ; 4 LEs         ; 2 LEs                ; 2 LEs                  ; Yes        ; |VGAlogic|blockArray:pixelArray|array[95][0]  ;
; 4:1                ; 2 bits    ; 4 LEs         ; 2 LEs                ; 2 LEs                  ; Yes        ; |VGAlogic|blockArray:pixelArray|array[94][0]  ;
; 4:1                ; 2 bits    ; 4 LEs         ; 2 LEs                ; 2 LEs                  ; Yes        ; |VGAlogic|blockArray:pixelArray|array[93][0]  ;
; 4:1                ; 2 bits    ; 4 LEs         ; 2 LEs                ; 2 LEs                  ; Yes        ; |VGAlogic|blockArray:pixelArray|array[92][0]  ;
; 4:1                ; 2 bits    ; 4 LEs         ; 2 LEs                ; 2 LEs                  ; Yes        ; |VGAlogic|blockArray:pixelArray|array[91][1]  ;
; 4:1                ; 2 bits    ; 4 LEs         ; 2 LEs                ; 2 LEs                  ; Yes        ; |VGAlogic|blockArray:pixelArray|array[90][1]  ;
; 4:1                ; 2 bits    ; 4 LEs         ; 2 LEs                ; 2 LEs                  ; Yes        ; |VGAlogic|blockArray:pixelArray|array[89][1]  ;
; 4:1                ; 2 bits    ; 4 LEs         ; 2 LEs                ; 2 LEs                  ; Yes        ; |VGAlogic|blockArray:pixelArray|array[88][1]  ;
; 4:1                ; 2 bits    ; 4 LEs         ; 2 LEs                ; 2 LEs                  ; Yes        ; |VGAlogic|blockArray:pixelArray|array[87][1]  ;
; 4:1                ; 2 bits    ; 4 LEs         ; 2 LEs                ; 2 LEs                  ; Yes        ; |VGAlogic|blockArray:pixelArray|array[86][1]  ;
; 4:1                ; 2 bits    ; 4 LEs         ; 2 LEs                ; 2 LEs                  ; Yes        ; |VGAlogic|blockArray:pixelArray|array[85][1]  ;
; 4:1                ; 2 bits    ; 4 LEs         ; 2 LEs                ; 2 LEs                  ; Yes        ; |VGAlogic|blockArray:pixelArray|array[84][1]  ;
; 4:1                ; 2 bits    ; 4 LEs         ; 2 LEs                ; 2 LEs                  ; Yes        ; |VGAlogic|blockArray:pixelArray|array[83][1]  ;
; 4:1                ; 2 bits    ; 4 LEs         ; 2 LEs                ; 2 LEs                  ; Yes        ; |VGAlogic|blockArray:pixelArray|array[82][1]  ;
; 4:1                ; 2 bits    ; 4 LEs         ; 2 LEs                ; 2 LEs                  ; Yes        ; |VGAlogic|blockArray:pixelArray|array[81][1]  ;
; 4:1                ; 2 bits    ; 4 LEs         ; 2 LEs                ; 2 LEs                  ; Yes        ; |VGAlogic|blockArray:pixelArray|array[80][1]  ;
; 4:1                ; 2 bits    ; 4 LEs         ; 2 LEs                ; 2 LEs                  ; Yes        ; |VGAlogic|blockArray:pixelArray|array[79][1]  ;
; 4:1                ; 2 bits    ; 4 LEs         ; 2 LEs                ; 2 LEs                  ; Yes        ; |VGAlogic|blockArray:pixelArray|array[78][0]  ;
; 4:1                ; 2 bits    ; 4 LEs         ; 2 LEs                ; 2 LEs                  ; Yes        ; |VGAlogic|blockArray:pixelArray|array[77][0]  ;
; 4:1                ; 2 bits    ; 4 LEs         ; 2 LEs                ; 2 LEs                  ; Yes        ; |VGAlogic|blockArray:pixelArray|array[76][0]  ;
; 4:1                ; 2 bits    ; 4 LEs         ; 2 LEs                ; 2 LEs                  ; Yes        ; |VGAlogic|blockArray:pixelArray|array[75][0]  ;
; 4:1                ; 2 bits    ; 4 LEs         ; 2 LEs                ; 2 LEs                  ; Yes        ; |VGAlogic|blockArray:pixelArray|array[74][0]  ;
; 4:1                ; 2 bits    ; 4 LEs         ; 2 LEs                ; 2 LEs                  ; Yes        ; |VGAlogic|blockArray:pixelArray|array[73][0]  ;
; 4:1                ; 2 bits    ; 4 LEs         ; 2 LEs                ; 2 LEs                  ; Yes        ; |VGAlogic|blockArray:pixelArray|array[72][1]  ;
; 4:1                ; 2 bits    ; 4 LEs         ; 2 LEs                ; 2 LEs                  ; Yes        ; |VGAlogic|blockArray:pixelArray|array[71][0]  ;
; 4:1                ; 2 bits    ; 4 LEs         ; 2 LEs                ; 2 LEs                  ; Yes        ; |VGAlogic|blockArray:pixelArray|array[70][0]  ;
; 4:1                ; 2 bits    ; 4 LEs         ; 2 LEs                ; 2 LEs                  ; Yes        ; |VGAlogic|blockArray:pixelArray|array[69][0]  ;
; 4:1                ; 2 bits    ; 4 LEs         ; 2 LEs                ; 2 LEs                  ; Yes        ; |VGAlogic|blockArray:pixelArray|array[68][0]  ;
; 4:1                ; 2 bits    ; 4 LEs         ; 2 LEs                ; 2 LEs                  ; Yes        ; |VGAlogic|blockArray:pixelArray|array[67][0]  ;
; 4:1                ; 2 bits    ; 4 LEs         ; 2 LEs                ; 2 LEs                  ; Yes        ; |VGAlogic|blockArray:pixelArray|array[66][0]  ;
; 4:1                ; 2 bits    ; 4 LEs         ; 2 LEs                ; 2 LEs                  ; Yes        ; |VGAlogic|blockArray:pixelArray|array[65][0]  ;
; 4:1                ; 2 bits    ; 4 LEs         ; 2 LEs                ; 2 LEs                  ; Yes        ; |VGAlogic|blockArray:pixelArray|array[64][0]  ;
; 4:1                ; 2 bits    ; 4 LEs         ; 2 LEs                ; 2 LEs                  ; Yes        ; |VGAlogic|blockArray:pixelArray|array[63][0]  ;
; 4:1                ; 2 bits    ; 4 LEs         ; 2 LEs                ; 2 LEs                  ; Yes        ; |VGAlogic|blockArray:pixelArray|array[62][0]  ;
; 4:1                ; 2 bits    ; 4 LEs         ; 2 LEs                ; 2 LEs                  ; Yes        ; |VGAlogic|blockArray:pixelArray|array[61][0]  ;
; 4:1                ; 2 bits    ; 4 LEs         ; 2 LEs                ; 2 LEs                  ; Yes        ; |VGAlogic|blockArray:pixelArray|array[60][0]  ;
; 4:1                ; 2 bits    ; 4 LEs         ; 2 LEs                ; 2 LEs                  ; Yes        ; |VGAlogic|blockArray:pixelArray|array[59][1]  ;
; 4:1                ; 2 bits    ; 4 LEs         ; 2 LEs                ; 2 LEs                  ; Yes        ; |VGAlogic|blockArray:pixelArray|array[58][1]  ;
; 4:1                ; 2 bits    ; 4 LEs         ; 2 LEs                ; 2 LEs                  ; Yes        ; |VGAlogic|blockArray:pixelArray|array[57][0]  ;
; 4:1                ; 2 bits    ; 4 LEs         ; 2 LEs                ; 2 LEs                  ; Yes        ; |VGAlogic|blockArray:pixelArray|array[56][1]  ;
; 4:1                ; 2 bits    ; 4 LEs         ; 2 LEs                ; 2 LEs                  ; Yes        ; |VGAlogic|blockArray:pixelArray|array[55][1]  ;
; 4:1                ; 2 bits    ; 4 LEs         ; 2 LEs                ; 2 LEs                  ; Yes        ; |VGAlogic|blockArray:pixelArray|array[54][1]  ;
; 4:1                ; 2 bits    ; 4 LEs         ; 2 LEs                ; 2 LEs                  ; Yes        ; |VGAlogic|blockArray:pixelArray|array[53][1]  ;
; 4:1                ; 2 bits    ; 4 LEs         ; 2 LEs                ; 2 LEs                  ; Yes        ; |VGAlogic|blockArray:pixelArray|array[52][1]  ;
; 4:1                ; 2 bits    ; 4 LEs         ; 2 LEs                ; 2 LEs                  ; Yes        ; |VGAlogic|blockArray:pixelArray|array[51][0]  ;
; 4:1                ; 2 bits    ; 4 LEs         ; 2 LEs                ; 2 LEs                  ; Yes        ; |VGAlogic|blockArray:pixelArray|array[50][1]  ;
; 4:1                ; 2 bits    ; 4 LEs         ; 2 LEs                ; 2 LEs                  ; Yes        ; |VGAlogic|blockArray:pixelArray|array[49][1]  ;
; 4:1                ; 2 bits    ; 4 LEs         ; 2 LEs                ; 2 LEs                  ; Yes        ; |VGAlogic|blockArray:pixelArray|array[48][1]  ;
; 4:1                ; 2 bits    ; 4 LEs         ; 2 LEs                ; 2 LEs                  ; Yes        ; |VGAlogic|blockArray:pixelArray|array[47][1]  ;
; 4:1                ; 2 bits    ; 4 LEs         ; 2 LEs                ; 2 LEs                  ; Yes        ; |VGAlogic|blockArray:pixelArray|array[46][1]  ;
; 4:1                ; 2 bits    ; 4 LEs         ; 2 LEs                ; 2 LEs                  ; Yes        ; |VGAlogic|blockArray:pixelArray|array[45][1]  ;
; 4:1                ; 2 bits    ; 4 LEs         ; 2 LEs                ; 2 LEs                  ; Yes        ; |VGAlogic|blockArray:pixelArray|array[44][1]  ;
; 4:1                ; 2 bits    ; 4 LEs         ; 2 LEs                ; 2 LEs                  ; Yes        ; |VGAlogic|blockArray:pixelArray|array[43][1]  ;
; 4:1                ; 2 bits    ; 4 LEs         ; 2 LEs                ; 2 LEs                  ; Yes        ; |VGAlogic|blockArray:pixelArray|array[42][1]  ;
; 4:1                ; 2 bits    ; 4 LEs         ; 2 LEs                ; 2 LEs                  ; Yes        ; |VGAlogic|blockArray:pixelArray|array[41][1]  ;
; 4:1                ; 2 bits    ; 4 LEs         ; 2 LEs                ; 2 LEs                  ; Yes        ; |VGAlogic|blockArray:pixelArray|array[40][1]  ;
; 4:1                ; 2 bits    ; 4 LEs         ; 2 LEs                ; 2 LEs                  ; Yes        ; |VGAlogic|blockArray:pixelArray|array[39][1]  ;
; 4:1                ; 2 bits    ; 4 LEs         ; 2 LEs                ; 2 LEs                  ; Yes        ; |VGAlogic|blockArray:pixelArray|array[38][0]  ;
; 4:1                ; 2 bits    ; 4 LEs         ; 2 LEs                ; 2 LEs                  ; Yes        ; |VGAlogic|blockArray:pixelArray|array[37][1]  ;
; 4:1                ; 2 bits    ; 4 LEs         ; 2 LEs                ; 2 LEs                  ; Yes        ; |VGAlogic|blockArray:pixelArray|array[36][1]  ;
; 4:1                ; 2 bits    ; 4 LEs         ; 2 LEs                ; 2 LEs                  ; Yes        ; |VGAlogic|blockArray:pixelArray|array[35][1]  ;
; 4:1                ; 2 bits    ; 4 LEs         ; 2 LEs                ; 2 LEs                  ; Yes        ; |VGAlogic|blockArray:pixelArray|array[34][1]  ;
; 4:1                ; 2 bits    ; 4 LEs         ; 2 LEs                ; 2 LEs                  ; Yes        ; |VGAlogic|blockArray:pixelArray|array[33][1]  ;
; 4:1                ; 2 bits    ; 4 LEs         ; 2 LEs                ; 2 LEs                  ; Yes        ; |VGAlogic|blockArray:pixelArray|array[32][0]  ;
; 4:1                ; 2 bits    ; 4 LEs         ; 2 LEs                ; 2 LEs                  ; Yes        ; |VGAlogic|blockArray:pixelArray|array[31][1]  ;
; 4:1                ; 2 bits    ; 4 LEs         ; 2 LEs                ; 2 LEs                  ; Yes        ; |VGAlogic|blockArray:pixelArray|array[30][1]  ;
; 4:1                ; 2 bits    ; 4 LEs         ; 2 LEs                ; 2 LEs                  ; Yes        ; |VGAlogic|blockArray:pixelArray|array[29][1]  ;
; 4:1                ; 2 bits    ; 4 LEs         ; 2 LEs                ; 2 LEs                  ; Yes        ; |VGAlogic|blockArray:pixelArray|array[28][1]  ;
; 4:1                ; 2 bits    ; 4 LEs         ; 2 LEs                ; 2 LEs                  ; Yes        ; |VGAlogic|blockArray:pixelArray|array[27][1]  ;
; 4:1                ; 2 bits    ; 4 LEs         ; 2 LEs                ; 2 LEs                  ; Yes        ; |VGAlogic|blockArray:pixelArray|array[26][0]  ;
; 4:1                ; 2 bits    ; 4 LEs         ; 2 LEs                ; 2 LEs                  ; Yes        ; |VGAlogic|blockArray:pixelArray|array[25][1]  ;
; 4:1                ; 2 bits    ; 4 LEs         ; 2 LEs                ; 2 LEs                  ; Yes        ; |VGAlogic|blockArray:pixelArray|array[24][1]  ;
; 4:1                ; 2 bits    ; 4 LEs         ; 2 LEs                ; 2 LEs                  ; Yes        ; |VGAlogic|blockArray:pixelArray|array[23][1]  ;
; 4:1                ; 2 bits    ; 4 LEs         ; 2 LEs                ; 2 LEs                  ; Yes        ; |VGAlogic|blockArray:pixelArray|array[22][0]  ;
; 4:1                ; 2 bits    ; 4 LEs         ; 2 LEs                ; 2 LEs                  ; Yes        ; |VGAlogic|blockArray:pixelArray|array[21][0]  ;
; 4:1                ; 2 bits    ; 4 LEs         ; 2 LEs                ; 2 LEs                  ; Yes        ; |VGAlogic|blockArray:pixelArray|array[20][1]  ;
; 4:1                ; 2 bits    ; 4 LEs         ; 2 LEs                ; 2 LEs                  ; Yes        ; |VGAlogic|blockArray:pixelArray|array[19][0]  ;
; 4:1                ; 2 bits    ; 4 LEs         ; 2 LEs                ; 2 LEs                  ; Yes        ; |VGAlogic|blockArray:pixelArray|array[18][1]  ;
; 4:1                ; 2 bits    ; 4 LEs         ; 2 LEs                ; 2 LEs                  ; Yes        ; |VGAlogic|blockArray:pixelArray|array[17][1]  ;
; 4:1                ; 2 bits    ; 4 LEs         ; 2 LEs                ; 2 LEs                  ; Yes        ; |VGAlogic|blockArray:pixelArray|array[16][1]  ;
; 4:1                ; 2 bits    ; 4 LEs         ; 2 LEs                ; 2 LEs                  ; Yes        ; |VGAlogic|blockArray:pixelArray|array[15][1]  ;
; 4:1                ; 2 bits    ; 4 LEs         ; 2 LEs                ; 2 LEs                  ; Yes        ; |VGAlogic|blockArray:pixelArray|array[14][1]  ;
; 4:1                ; 2 bits    ; 4 LEs         ; 2 LEs                ; 2 LEs                  ; Yes        ; |VGAlogic|blockArray:pixelArray|array[13][1]  ;
; 4:1                ; 2 bits    ; 4 LEs         ; 2 LEs                ; 2 LEs                  ; Yes        ; |VGAlogic|blockArray:pixelArray|array[12][1]  ;
; 4:1                ; 2 bits    ; 4 LEs         ; 2 LEs                ; 2 LEs                  ; Yes        ; |VGAlogic|blockArray:pixelArray|array[11][1]  ;
; 4:1                ; 2 bits    ; 4 LEs         ; 2 LEs                ; 2 LEs                  ; Yes        ; |VGAlogic|blockArray:pixelArray|array[10][1]  ;
; 4:1                ; 2 bits    ; 4 LEs         ; 2 LEs                ; 2 LEs                  ; Yes        ; |VGAlogic|blockArray:pixelArray|array[9][1]   ;
; 4:1                ; 2 bits    ; 4 LEs         ; 2 LEs                ; 2 LEs                  ; Yes        ; |VGAlogic|blockArray:pixelArray|array[8][1]   ;
; 4:1                ; 2 bits    ; 4 LEs         ; 2 LEs                ; 2 LEs                  ; Yes        ; |VGAlogic|blockArray:pixelArray|array[7][1]   ;
; 4:1                ; 2 bits    ; 4 LEs         ; 2 LEs                ; 2 LEs                  ; Yes        ; |VGAlogic|blockArray:pixelArray|array[6][1]   ;
; 4:1                ; 2 bits    ; 4 LEs         ; 2 LEs                ; 2 LEs                  ; Yes        ; |VGAlogic|blockArray:pixelArray|array[5][1]   ;
; 4:1                ; 2 bits    ; 4 LEs         ; 2 LEs                ; 2 LEs                  ; Yes        ; |VGAlogic|blockArray:pixelArray|array[4][1]   ;
; 4:1                ; 2 bits    ; 4 LEs         ; 2 LEs                ; 2 LEs                  ; Yes        ; |VGAlogic|blockArray:pixelArray|array[3][1]   ;
; 4:1                ; 2 bits    ; 4 LEs         ; 2 LEs                ; 2 LEs                  ; Yes        ; |VGAlogic|blockArray:pixelArray|array[2][1]   ;
; 4:1                ; 2 bits    ; 4 LEs         ; 2 LEs                ; 2 LEs                  ; Yes        ; |VGAlogic|blockArray:pixelArray|array[1][1]   ;
; 4:1                ; 2 bits    ; 4 LEs         ; 2 LEs                ; 2 LEs                  ; Yes        ; |VGAlogic|blockArray:pixelArray|array[0][1]   ;
; 3:1                ; 3 bits    ; 6 LEs         ; 3 LEs                ; 3 LEs                  ; No         ; |VGAlogic|VGADriver:driver|PIXEL_COLOR_OUT[6] ;
; 5:1                ; 3 bits    ; 9 LEs         ; 9 LEs                ; 0 LEs                  ; No         ; |VGAlogic|VGADriver:driver|PIXEL_COLOR_OUT[7] ;
; 256:1              ; 2 bits    ; 340 LEs       ; 340 LEs              ; 0 LEs                  ; No         ; |VGAlogic|blockArray:pixelArray|Mux0          ;
+--------------------+-----------+---------------+----------------------+------------------------+------------+-----------------------------------------------+


+-------------------------------+
; Elapsed Time Per Partition    ;
+----------------+--------------+
; Partition Name ; Elapsed Time ;
+----------------+--------------+
; Top            ; 00:00:03     ;
+----------------+--------------+


+-------------------------------+
; Analysis & Synthesis Messages ;
+-------------------------------+
Info: *******************************************************************
Info: Running Quartus II 32-bit Analysis & Synthesis
    Info: Version 13.0.0 Build 156 04/24/2013 SJ Full Version
    Info: Processing started: Fri Mar 27 16:11:42 2015
Info: Command: quartus_map --read_settings_files=on --write_settings_files=off VGAlogic -c VGAlogic
Info (20030): Parallel compilation is enabled and will use 2 of the 2 processors detected
Info (12021): Found 1 design units, including 1 entities, in source file vgalogic.v
    Info (12023): Found entity 1: VGAlogic
Info (12021): Found 1 design units, including 1 entities, in source file vgadriver.v
    Info (12023): Found entity 1: VGADriver
Info (12021): Found 1 design units, including 1 entities, in source file blockarray.v
    Info (12023): Found entity 1: blockArray
Info (12021): Found 1 design units, including 1 entities, in source file inputtester.v
    Info (12023): Found entity 1: inputTester
Info (12021): Found 1 design units, including 1 entities, in source file blockformat.v
    Info (12023): Found entity 1: blockFormat
Info (12127): Elaborating entity "VGAlogic" for the top level hierarchy
Info (12128): Elaborating entity "VGADriver" for hierarchy "VGADriver:driver"
Warning (10230): Verilog HDL assignment warning at VGADriver.v(60): truncated value with size 32 to match size of target (10)
Warning (10230): Verilog HDL assignment warning at VGADriver.v(63): truncated value with size 32 to match size of target (10)
Info (12128): Elaborating entity "blockArray" for hierarchy "blockArray:pixelArray"
Warning (12125): Using design file datainput.v, which is not specified as a design file for the current project, but contains definitions for 1 design units and 1 entities in project
    Info (12023): Found entity 1: dataInput
Info (12128): Elaborating entity "dataInput" for hierarchy "dataInput:arduino"
Info (12128): Elaborating entity "blockFormat" for hierarchy "blockFormat:Formatter"
Warning (13034): The following nodes have both tri-state and non-tri-state drivers
    Warning (13035): Inserted always-enabled tri-state buffer between "GPIO[5]" and its non-tri-state driver.
    Warning (13035): Inserted always-enabled tri-state buffer between "GPIO[7]" and its non-tri-state driver.
    Warning (13035): Inserted always-enabled tri-state buffer between "GPIO[9]" and its non-tri-state driver.
    Warning (13035): Inserted always-enabled tri-state buffer between "GPIO[11]" and its non-tri-state driver.
    Warning (13035): Inserted always-enabled tri-state buffer between "GPIO[13]" and its non-tri-state driver.
    Warning (13035): Inserted always-enabled tri-state buffer between "GPIO[15]" and its non-tri-state driver.
    Warning (13035): Inserted always-enabled tri-state buffer between "GPIO[17]" and its non-tri-state driver.
    Warning (13035): Inserted always-enabled tri-state buffer between "GPIO[19]" and its non-tri-state driver.
    Warning (13035): Inserted always-enabled tri-state buffer between "GPIO[21]" and its non-tri-state driver.
    Warning (13035): Inserted always-enabled tri-state buffer between "GPIO[23]" and its non-tri-state driver.
Warning (13039): The following bidir pins have no drivers
    Warning (13040): Bidir "GPIO_1[9]" has no driver
    Warning (13040): Bidir "GPIO_1[12]" has no driver
    Warning (13040): Bidir "GPIO_1[13]" has no driver
    Warning (13040): Bidir "GPIO_1[14]" has no driver
    Warning (13040): Bidir "GPIO_1[15]" has no driver
    Warning (13040): Bidir "GPIO_1[16]" has no driver
    Warning (13040): Bidir "GPIO_1[17]" has no driver
    Warning (13040): Bidir "GPIO_1[18]" has no driver
    Warning (13040): Bidir "GPIO_1[19]" has no driver
    Warning (13040): Bidir "GPIO_1[20]" has no driver
    Warning (13040): Bidir "GPIO_1[21]" has no driver
    Warning (13040): Bidir "GPIO[0]" has no driver
    Warning (13040): Bidir "GPIO[1]" has no driver
    Warning (13040): Bidir "GPIO[2]" has no driver
    Warning (13040): Bidir "GPIO[3]" has no driver
    Warning (13040): Bidir "GPIO[4]" has no driver
    Warning (13040): Bidir "GPIO[6]" has no driver
    Warning (13040): Bidir "GPIO[8]" has no driver
    Warning (13040): Bidir "GPIO[10]" has no driver
    Warning (13040): Bidir "GPIO[12]" has no driver
    Warning (13040): Bidir "GPIO[14]" has no driver
    Warning (13040): Bidir "GPIO[16]" has no driver
    Warning (13040): Bidir "GPIO[18]" has no driver
    Warning (13040): Bidir "GPIO[20]" has no driver
    Warning (13040): Bidir "GPIO[22]" has no driver
    Warning (13040): Bidir "GPIO[24]" has no driver
    Warning (13040): Bidir "GPIO[25]" has no driver
    Warning (13040): Bidir "GPIO[26]" has no driver
    Warning (13040): Bidir "GPIO[27]" has no driver
    Warning (13040): Bidir "GPIO[28]" has no driver
    Warning (13040): Bidir "GPIO[29]" has no driver
    Warning (13040): Bidir "GPIO[30]" has no driver
    Warning (13040): Bidir "GPIO[31]" has no driver
    Warning (13040): Bidir "GPIO[32]" has no driver
    Warning (13040): Bidir "GPIO[33]" has no driver
    Warning (13040): Bidir "GPIO_1[0]" has no driver
    Warning (13040): Bidir "GPIO_1[1]" has no driver
    Warning (13040): Bidir "GPIO_1[2]" has no driver
    Warning (13040): Bidir "GPIO_1[3]" has no driver
    Warning (13040): Bidir "GPIO_1[4]" has no driver
    Warning (13040): Bidir "GPIO_1[5]" has no driver
    Warning (13040): Bidir "GPIO_1[6]" has no driver
    Warning (13040): Bidir "GPIO_1[7]" has no driver
    Warning (13040): Bidir "GPIO_1[8]" has no driver
    Warning (13040): Bidir "GPIO_1[10]" has no driver
    Warning (13040): Bidir "GPIO_1[11]" has no driver
    Warning (13040): Bidir "GPIO_1[22]" has no driver
    Warning (13040): Bidir "GPIO_1[23]" has no driver
    Warning (13040): Bidir "GPIO_1[24]" has no driver
    Warning (13040): Bidir "GPIO_1[25]" has no driver
    Warning (13040): Bidir "GPIO_1[26]" has no driver
    Warning (13040): Bidir "GPIO_1[27]" has no driver
    Warning (13040): Bidir "GPIO_1[28]" has no driver
    Warning (13040): Bidir "GPIO_1[29]" has no driver
    Warning (13040): Bidir "GPIO_1[30]" has no driver
    Warning (13040): Bidir "GPIO_1[31]" has no driver
    Warning (13040): Bidir "GPIO_1[32]" has no driver
    Warning (13040): Bidir "GPIO_1[33]" has no driver
Warning (13009): TRI or OPNDRN buffers permanently enabled
    Warning (13010): Node "GPIO[5]~synth"
    Warning (13010): Node "GPIO[7]~synth"
    Warning (13010): Node "GPIO[9]~synth"
    Warning (13010): Node "GPIO[11]~synth"
    Warning (13010): Node "GPIO[13]~synth"
    Warning (13010): Node "GPIO[15]~synth"
    Warning (13010): Node "GPIO[17]~synth"
    Warning (13010): Node "GPIO[19]~synth"
    Warning (13010): Node "GPIO[21]~synth"
    Warning (13010): Node "GPIO[23]~synth"
Info (286030): Timing-Driven Synthesis is running
Info (16010): Generating hard_block partition "hard_block:auto_generated_inst"
    Info (16011): Adding 0 node(s), including 0 DDIO, 0 PLL, 0 transceiver and 0 LCELL
Warning (21074): Design contains 5 input pin(s) that do not drive logic
    Warning (15610): No output dependent on input pin "KEY[1]"
    Warning (15610): No output dependent on input pin "GPIO_IN[0]"
    Warning (15610): No output dependent on input pin "GPIO_IN[1]"
    Warning (15610): No output dependent on input pin "GPIO_1_IN[0]"
    Warning (15610): No output dependent on input pin "GPIO_1_IN[1]"
Info (21057): Implemented 1269 device resources after synthesis - the final resource count might be different
    Info (21058): Implemented 7 input pins
    Info (21059): Implemented 0 output pins
    Info (21060): Implemented 68 bidirectional pins
    Info (21061): Implemented 1194 logic cells
Info: Quartus II 32-bit Analysis & Synthesis was successful. 0 errors, 90 warnings
    Info: Peak virtual memory: 349 megabytes
    Info: Processing ended: Fri Mar 27 16:11:48 2015
    Info: Elapsed time: 00:00:06
    Info: Total CPU time (on all processors): 00:00:05


